>resource "aws_instance" "web" {
#^^^^^^^^ scope.terraform meta.block.terraform entity.name.type.terraform
#        ^ scope.terraform meta.block.terraform
#         ^ scope.terraform meta.block.terraform string.quoted.double.terraform punctuation.definition.string.begin.terraform
#          ^^^^^^^^^^^^ scope.terraform meta.block.terraform string.quoted.double.terraform
#                      ^ scope.terraform meta.block.terraform string.quoted.double.terraform punctuation.definition.string.end.terraform
#                       ^ scope.terraform meta.block.terraform
#                        ^ scope.terraform meta.block.terraform string.quoted.double.terraform punctuation.definition.string.begin.terraform
#                         ^^^ scope.terraform meta.block.terraform string.quoted.double.terraform
#                            ^ scope.terraform meta.block.terraform string.quoted.double.terraform punctuation.definition.string.end.terraform
#                             ^ scope.terraform meta.block.terraform
#                              ^ scope.terraform meta.block.terraform punctuation.section.block.begin.terraform
>  ami           = "ami-a1b2c3d4"
#^^ scope.terraform meta.block.terraform
#  ^^^ scope.terraform meta.block.terraform variable.declaration.terraform variable.other.readwrite.terraform
#     ^^^^^^^^^^^ scope.terraform meta.block.terraform variable.declaration.terraform
#                ^ scope.terraform meta.block.terraform variable.declaration.terraform keyword.operator.assignment.terraform
#                 ^ scope.terraform meta.block.terraform variable.declaration.terraform
#                  ^ scope.terraform meta.block.terraform string.quoted.double.terraform punctuation.definition.string.begin.terraform
#                   ^^^^^^^^^^^^ scope.terraform meta.block.terraform string.quoted.double.terraform
#                               ^ scope.terraform meta.block.terraform string.quoted.double.terraform punctuation.definition.string.end.terraform
>  instance_type = "t2.micro"
#^^ scope.terraform meta.block.terraform
#  ^^^^^^^^^^^^^ scope.terraform meta.block.terraform variable.declaration.terraform variable.other.readwrite.terraform
#               ^ scope.terraform meta.block.terraform variable.declaration.terraform
#                ^ scope.terraform meta.block.terraform variable.declaration.terraform keyword.operator.assignment.terraform
#                 ^ scope.terraform meta.block.terraform variable.declaration.terraform
#                  ^ scope.terraform meta.block.terraform string.quoted.double.terraform punctuation.definition.string.begin.terraform
#                   ^^^^^^^^ scope.terraform meta.block.terraform string.quoted.double.terraform
#                           ^ scope.terraform meta.block.terraform string.quoted.double.terraform punctuation.definition.string.end.terraform
>  timeouts {
#^^ scope.terraform meta.block.terraform
#  ^^^^^^^^ scope.terraform meta.block.terraform meta.block.terraform entity.name.label.terraform
#          ^ scope.terraform meta.block.terraform meta.block.terraform
#           ^ scope.terraform meta.block.terraform meta.block.terraform punctuation.section.block.begin.terraform
>    create = "60m"
#^^^^ scope.terraform meta.block.terraform meta.block.terraform
#    ^^^^^^ scope.terraform meta.block.terraform meta.block.terraform variable.declaration.terraform variable.other.readwrite.terraform
#          ^ scope.terraform meta.block.terraform meta.block.terraform variable.declaration.terraform
#           ^ scope.terraform meta.block.terraform meta.block.terraform variable.declaration.terraform keyword.operator.assignment.terraform
#            ^ scope.terraform meta.block.terraform meta.block.terraform variable.declaration.terraform
#             ^ scope.terraform meta.block.terraform meta.block.terraform string.quoted.double.terraform punctuation.definition.string.begin.terraform
#              ^^^ scope.terraform meta.block.terraform meta.block.terraform string.quoted.double.terraform
#                 ^ scope.terraform meta.block.terraform meta.block.terraform string.quoted.double.terraform punctuation.definition.string.end.terraform
>    delete = "2h"
#^^^^ scope.terraform meta.block.terraform meta.block.terraform
#    ^^^^^^ scope.terraform meta.block.terraform meta.block.terraform variable.declaration.terraform variable.other.readwrite.terraform
#          ^ scope.terraform meta.block.terraform meta.block.terraform variable.declaration.terraform
#           ^ scope.terraform meta.block.terraform meta.block.terraform variable.declaration.terraform keyword.operator.assignment.terraform
#            ^ scope.terraform meta.block.terraform meta.block.terraform variable.declaration.terraform
#             ^ scope.terraform meta.block.terraform meta.block.terraform string.quoted.double.terraform punctuation.definition.string.begin.terraform
#              ^^ scope.terraform meta.block.terraform meta.block.terraform string.quoted.double.terraform
#                ^ scope.terraform meta.block.terraform meta.block.terraform string.quoted.double.terraform punctuation.definition.string.end.terraform
>  }
#^^ scope.terraform meta.block.terraform meta.block.terraform
#  ^ scope.terraform meta.block.terraform meta.block.terraform punctuation.section.block.end.terraform
>}
#^ scope.terraform meta.block.terraform punctuation.section.block.end.terraform
>