># line comment
#^ source.terraform comment.line.number-sign.hcl punctuation.definition.comment.terraform
# ^^^^^^^^^^^^^ source.terraform comment.line.number-sign.hcl
>
>// line comment
#^^ source.terraform comment.line.double-slash.hcl punctuation.definition.comment.terraform
#  ^^^^^^^^^^^^^ source.terraform comment.line.double-slash.hcl
>
>/*
#^^ source.terraform comment.block.hcl punctuation.definition.comment.terraform
>  Block comment
#^^^^^^^^^^^^^^^^ source.terraform comment.block.hcl
>*/
#^^ source.terraform comment.block.hcl punctuation.definition.comment.terraform
>