># line comment
#^ source.terraform comment.line.terraform punctuation.definition.comment.terraform
# ^^^^^^^^^^^^^ source.terraform comment.line.terraform
>
>// line comment
#^^ source.terraform comment.line.terraform punctuation.definition.comment.terraform
#  ^^^^^^^^^^^^^ source.terraform comment.line.terraform
>
>/*
#^^ source.terraform comment.block.terraform punctuation.definition.comment.terraform
>  Block comment
#^^^^^^^^^^^^^^^^ source.terraform comment.block.terraform
>*/
#^^ source.terraform comment.block.terraform punctuation.definition.comment.terraform
>