>data "aws_ami" "example" {
#^^^^ source.terraform meta.block.terraform entity.name.type.terraform
#    ^ source.terraform meta.block.terraform
#     ^ source.terraform meta.block.terraform entity.name.tag.terraform entity.name.tag.begin.terraform
#      ^^^^^^^ source.terraform meta.block.terraform entity.name.tag.terraform
#             ^ source.terraform meta.block.terraform entity.name.tag.terraform entity.name.tag.end.terraform
#              ^ source.terraform meta.block.terraform
#               ^ source.terraform meta.block.terraform entity.name.tag.terraform entity.name.tag.begin.terraform
#                ^^^^^^^ source.terraform meta.block.terraform entity.name.tag.terraform
#                       ^ source.terraform meta.block.terraform entity.name.tag.terraform entity.name.tag.end.terraform
#                        ^ source.terraform meta.block.terraform
#                         ^ source.terraform meta.block.terraform punctuation.section.block.begin.terraform
>  most_recent = true
#^^ source.terraform meta.block.terraform
#  ^^^^^^^^^^^ source.terraform meta.block.terraform variable.declaration.terraform variable.other.readwrite.terraform
#             ^ source.terraform meta.block.terraform variable.declaration.terraform
#              ^ source.terraform meta.block.terraform variable.declaration.terraform keyword.operator.assignment.terraform
#               ^ source.terraform meta.block.terraform variable.declaration.terraform
#                ^^^^ source.terraform meta.block.terraform constant.language.terraform
>
>  owners = ["self"]
#^^ source.terraform meta.block.terraform
#  ^^^^^^ source.terraform meta.block.terraform variable.declaration.terraform variable.other.readwrite.terraform
#        ^ source.terraform meta.block.terraform variable.declaration.terraform
#         ^ source.terraform meta.block.terraform variable.declaration.terraform keyword.operator.assignment.terraform
#          ^ source.terraform meta.block.terraform variable.declaration.terraform
#           ^ source.terraform meta.block.terraform punctuation.section.brackets.begin.terraform
#            ^ source.terraform meta.block.terraform string.quoted.double.terraform punctuation.definition.string.begin.terraform
#             ^^^^ source.terraform meta.block.terraform string.quoted.double.terraform
#                 ^ source.terraform meta.block.terraform string.quoted.double.terraform punctuation.definition.string.end.terraform
#                  ^ source.terraform meta.block.terraform punctuation.section.brackets.end.terraform
>  tags = {
#^^ source.terraform meta.block.terraform
#  ^^^^ source.terraform meta.block.terraform variable.declaration.terraform variable.other.readwrite.terraform
#      ^ source.terraform meta.block.terraform variable.declaration.terraform
#       ^ source.terraform meta.block.terraform variable.declaration.terraform keyword.operator.assignment.terraform
#        ^ source.terraform meta.block.terraform variable.declaration.terraform
#         ^ source.terraform meta.block.terraform meta.braces.terraform punctuation.section.braces.begin.terraform
>    Name   = "app-server"
#^^^^ source.terraform meta.block.terraform meta.braces.terraform
#    ^^^^ source.terraform meta.block.terraform meta.braces.terraform meta.mapping.key.terraform variable.other.readwrite.terraform
#        ^^^ source.terraform meta.block.terraform meta.braces.terraform
#           ^ source.terraform meta.block.terraform meta.braces.terraform keyword.operator.assignment.terraform
#            ^ source.terraform meta.block.terraform meta.braces.terraform
#             ^ source.terraform meta.block.terraform meta.braces.terraform string.quoted.double.terraform punctuation.definition.string.begin.terraform
#              ^^^^^^^^^^ source.terraform meta.block.terraform meta.braces.terraform string.quoted.double.terraform
#                        ^ source.terraform meta.block.terraform meta.braces.terraform string.quoted.double.terraform punctuation.definition.string.end.terraform
>    Tested = "true"
#^^^^ source.terraform meta.block.terraform meta.braces.terraform
#    ^^^^^^ source.terraform meta.block.terraform meta.braces.terraform meta.mapping.key.terraform variable.other.readwrite.terraform
#          ^ source.terraform meta.block.terraform meta.braces.terraform
#           ^ source.terraform meta.block.terraform meta.braces.terraform keyword.operator.assignment.terraform
#            ^ source.terraform meta.block.terraform meta.braces.terraform
#             ^ source.terraform meta.block.terraform meta.braces.terraform string.quoted.double.terraform punctuation.definition.string.begin.terraform
#              ^^^^ source.terraform meta.block.terraform meta.braces.terraform string.quoted.double.terraform
#                  ^ source.terraform meta.block.terraform meta.braces.terraform string.quoted.double.terraform punctuation.definition.string.end.terraform
>  }
#^^ source.terraform meta.block.terraform meta.braces.terraform
#  ^ source.terraform meta.block.terraform meta.braces.terraform punctuation.section.braces.end.terraform
>}
#^ source.terraform meta.block.terraform punctuation.section.block.end.terraform
>