>[for o in var.list : o.id]
#^ source.terraform punctuation.section.brackets.begin.terraform
# ^^^ source.terraform keyword.control.terraform
#    ^ source.terraform
#     ^ source.terraform variable.other.readwrite.terraform
#      ^ source.terraform
#       ^^ source.terraform keyword.operator.word.terraform
#         ^ source.terraform
#          ^^^ source.terraform support.constant.terraform
#             ^ source.terraform keyword.operator.accessor.terraform
#              ^^^^ source.terraform variable.other.member.terraform
#                  ^ source.terraform
#                   ^ source.terraform keyword.operator.terraform
#                    ^ source.terraform
#                     ^ source.terraform variable.other.readwrite.terraform
#                      ^ source.terraform keyword.operator.accessor.terraform
#                       ^^ source.terraform variable.other.member.terraform
#                         ^ source.terraform punctuation.section.brackets.end.terraform
>
>var.list[*].id
#^^^ source.terraform support.constant.terraform
#   ^ source.terraform keyword.operator.accessor.terraform
#    ^^^^ source.terraform variable.other.member.terraform
#        ^^^ source.terraform
#           ^ source.terraform keyword.operator.accessor.terraform
#            ^^ source.terraform variable.other.member.terraform
>
>var.list[*].interfaces[0].name
#^^^ source.terraform support.constant.terraform
#   ^ source.terraform keyword.operator.accessor.terraform
#    ^^^^ source.terraform variable.other.member.terraform
#        ^^^ source.terraform
#           ^ source.terraform keyword.operator.accessor.terraform
#            ^^^^^^^^^^ source.terraform variable.other.member.terraform
#                      ^^^ source.terraform
#                         ^ source.terraform keyword.operator.accessor.terraform
#                          ^^^^ source.terraform variable.other.member.terraform
>