>[for o in var.list : o.id]
#^ scope.terraform punctuation.section.brackets.begin.terraform
# ^^^ scope.terraform keyword.control.terraform
#    ^ scope.terraform
#     ^ scope.terraform variable.other.readwrite.terraform
#      ^ scope.terraform
#       ^^ scope.terraform keyword.operator.word.terraform
#         ^ scope.terraform
#          ^^^ scope.terraform support.constant.terraform
#             ^ scope.terraform keyword.operator.accessor.terraform
#              ^^^^ scope.terraform variable.other.member.terraform
#                  ^ scope.terraform
#                   ^ scope.terraform keyword.operator.terraform
#                    ^ scope.terraform
#                     ^ scope.terraform variable.other.readwrite.terraform
#                      ^ scope.terraform keyword.operator.accessor.terraform
#                       ^^ scope.terraform variable.other.member.terraform
#                         ^ scope.terraform punctuation.section.brackets.end.terraform
>
>var.list[*].id
#^^^ scope.terraform support.constant.terraform
#   ^ scope.terraform keyword.operator.accessor.terraform
#    ^^^^ scope.terraform variable.other.member.terraform
#        ^^^ scope.terraform
#           ^ scope.terraform keyword.operator.accessor.terraform
#            ^^ scope.terraform variable.other.member.terraform
>
>var.list[*].interfaces[0].name
#^^^ scope.terraform support.constant.terraform
#   ^ scope.terraform keyword.operator.accessor.terraform
#    ^^^^ scope.terraform variable.other.member.terraform
#        ^^^ scope.terraform
#           ^ scope.terraform keyword.operator.accessor.terraform
#            ^^^^^^^^^^ scope.terraform variable.other.member.terraform
#                      ^^^ scope.terraform
#                         ^ scope.terraform keyword.operator.accessor.terraform
#                          ^^^^ scope.terraform variable.other.member.terraform
>