># arithmetic
#^ source.terraform comment.line.number-sign.hcl punctuation.definition.comment.terraform
# ^^^^^^^^^^^ source.terraform comment.line.number-sign.hcl
>
>1 + 2 * 3 / 4
#^ source.terraform constant.numeric.integer.terraform
# ^ source.terraform
#  ^ source.terraform keyword.operator.arithmetic.terraform
#   ^ source.terraform
#    ^ source.terraform constant.numeric.integer.terraform
#     ^ source.terraform
#      ^ source.terraform keyword.operator.arithmetic.terraform
#       ^ source.terraform
#        ^ source.terraform constant.numeric.integer.terraform
#         ^ source.terraform
#          ^ source.terraform keyword.operator.arithmetic.terraform
#           ^ source.terraform
#            ^ source.terraform constant.numeric.integer.terraform
>
>5 % 6
#^ source.terraform constant.numeric.integer.terraform
# ^ source.terraform
#  ^ source.terraform keyword.operator.arithmetic.terraform
#   ^ source.terraform
#    ^ source.terraform constant.numeric.integer.terraform
>
>-thing
#^ source.terraform keyword.operator.arithmetic.terraform
# ^^^^^^ source.terraform
>
># equality
#^ source.terraform comment.line.number-sign.hcl punctuation.definition.comment.terraform
# ^^^^^^^^^ source.terraform comment.line.number-sign.hcl
>
>thing1 == thing2
#^^^^^^^ source.terraform
#       ^^ source.terraform keyword.operator.terraform
#         ^^^^^^^^ source.terraform
>thing1 != thing2
#^^^^^^^ source.terraform
#       ^^ source.terraform keyword.operator.terraform
#         ^^^^^^^^ source.terraform
>
># comparison
#^ source.terraform comment.line.number-sign.hcl punctuation.definition.comment.terraform
# ^^^^^^^^^^^ source.terraform comment.line.number-sign.hcl
>
>thing1 > thing2
#^^^^^^^ source.terraform
#       ^ source.terraform keyword.operator.terraform
#        ^^^^^^^^ source.terraform
>thing1 >= thing2
#^^^^^^^ source.terraform
#       ^^ source.terraform keyword.operator.terraform
#         ^^^^^^^^ source.terraform
>thing1 < thing2
#^^^^^^^ source.terraform
#       ^ source.terraform keyword.operator.terraform
#        ^^^^^^^^ source.terraform
>thing1 <= thing2
#^^^^^^^ source.terraform
#       ^^ source.terraform keyword.operator.terraform
#         ^^^^^^^^ source.terraform
>
># logical
#^ source.terraform comment.line.number-sign.hcl punctuation.definition.comment.terraform
# ^^^^^^^^ source.terraform comment.line.number-sign.hcl
>
>thing1 || thing2
#^^^^^^^ source.terraform
#       ^^ source.terraform keyword.operator.logical.terraform
#         ^^^^^^^^ source.terraform
>thing1 && thing2
#^^^^^^^ source.terraform
#       ^^ source.terraform keyword.operator.logical.terraform
#         ^^^^^^^^ source.terraform
>!thing1
#^ source.terraform keyword.operator.logical.terraform
# ^^^^^^^ source.terraform
>