># numeric
#^ source.terraform comment.line.number-sign.hcl punctuation.definition.comment.terraform
# ^^^^^^^^ source.terraform comment.line.number-sign.hcl
>
>abs(23)
#^^^ source.terraform meta.function-call.terraform support.function.builtin.terraform
#   ^ source.terraform meta.function-call.terraform punctuation.section.parens.begin.terraform
#    ^^ source.terraform meta.function-call.terraform constant.numeric.integer.terraform
#      ^ source.terraform meta.function-call.terraform punctuation.section.parens.end.terraform
>ceil(5)
#^^^^ source.terraform meta.function-call.terraform support.function.builtin.terraform
#    ^ source.terraform meta.function-call.terraform punctuation.section.parens.begin.terraform
#     ^ source.terraform meta.function-call.terraform constant.numeric.integer.terraform
#      ^ source.terraform meta.function-call.terraform punctuation.section.parens.end.terraform
>floor(5)
#^^^^^ source.terraform meta.function-call.terraform support.function.builtin.terraform
#     ^ source.terraform meta.function-call.terraform punctuation.section.parens.begin.terraform
#      ^ source.terraform meta.function-call.terraform constant.numeric.integer.terraform
#       ^ source.terraform meta.function-call.terraform punctuation.section.parens.end.terraform
>log(50, 10)
#^^^ source.terraform meta.function-call.terraform support.function.builtin.terraform
#   ^ source.terraform meta.function-call.terraform punctuation.section.parens.begin.terraform
#    ^^ source.terraform meta.function-call.terraform constant.numeric.integer.terraform
#      ^ source.terraform meta.function-call.terraform punctuation.separator.terraform
#       ^ source.terraform meta.function-call.terraform
#        ^^ source.terraform meta.function-call.terraform constant.numeric.integer.terraform
#          ^ source.terraform meta.function-call.terraform punctuation.section.parens.end.terraform
>max(12, 54, 3)
#^^^ source.terraform meta.function-call.terraform support.function.builtin.terraform
#   ^ source.terraform meta.function-call.terraform punctuation.section.parens.begin.terraform
#    ^^ source.terraform meta.function-call.terraform constant.numeric.integer.terraform
#      ^ source.terraform meta.function-call.terraform punctuation.separator.terraform
#       ^ source.terraform meta.function-call.terraform
#        ^^ source.terraform meta.function-call.terraform constant.numeric.integer.terraform
#          ^ source.terraform meta.function-call.terraform punctuation.separator.terraform
#           ^ source.terraform meta.function-call.terraform
#            ^ source.terraform meta.function-call.terraform constant.numeric.integer.terraform
#             ^ source.terraform meta.function-call.terraform punctuation.section.parens.end.terraform
>min(12, 54, 3)
#^^^ source.terraform meta.function-call.terraform support.function.builtin.terraform
#   ^ source.terraform meta.function-call.terraform punctuation.section.parens.begin.terraform
#    ^^ source.terraform meta.function-call.terraform constant.numeric.integer.terraform
#      ^ source.terraform meta.function-call.terraform punctuation.separator.terraform
#       ^ source.terraform meta.function-call.terraform
#        ^^ source.terraform meta.function-call.terraform constant.numeric.integer.terraform
#          ^ source.terraform meta.function-call.terraform punctuation.separator.terraform
#           ^ source.terraform meta.function-call.terraform
#            ^ source.terraform meta.function-call.terraform constant.numeric.integer.terraform
#             ^ source.terraform meta.function-call.terraform punctuation.section.parens.end.terraform
>parseint("100", 10)
#^^^^^^^^ source.terraform meta.function-call.terraform variable.function.terraform
#        ^ source.terraform meta.function-call.terraform punctuation.section.parens.begin.terraform
#         ^ source.terraform meta.function-call.terraform string.quoted.double.terraform punctuation.definition.string.begin.terraform
#          ^^^ source.terraform meta.function-call.terraform string.quoted.double.terraform
#             ^ source.terraform meta.function-call.terraform string.quoted.double.terraform punctuation.definition.string.end.terraform
#              ^ source.terraform meta.function-call.terraform punctuation.separator.terraform
#               ^ source.terraform meta.function-call.terraform
#                ^^ source.terraform meta.function-call.terraform constant.numeric.integer.terraform
#                  ^ source.terraform meta.function-call.terraform punctuation.section.parens.end.terraform
>pow(3, 2)
#^^^ source.terraform meta.function-call.terraform support.function.builtin.terraform
#   ^ source.terraform meta.function-call.terraform punctuation.section.parens.begin.terraform
#    ^ source.terraform meta.function-call.terraform constant.numeric.integer.terraform
#     ^ source.terraform meta.function-call.terraform punctuation.separator.terraform
#      ^ source.terraform meta.function-call.terraform
#       ^ source.terraform meta.function-call.terraform constant.numeric.integer.terraform
#        ^ source.terraform meta.function-call.terraform punctuation.section.parens.end.terraform
>signum(-13)
#^^^^^^ source.terraform meta.function-call.terraform support.function.builtin.terraform
#      ^ source.terraform meta.function-call.terraform punctuation.section.parens.begin.terraform
#       ^ source.terraform meta.function-call.terraform keyword.operator.arithmetic.terraform
#        ^^ source.terraform meta.function-call.terraform constant.numeric.integer.terraform
#          ^ source.terraform meta.function-call.terraform punctuation.section.parens.end.terraform
>
># string
#^ source.terraform comment.line.number-sign.hcl punctuation.definition.comment.terraform
# ^^^^^^^ source.terraform comment.line.number-sign.hcl
>
>chomp("hello\n")
#^^^^^ source.terraform meta.function-call.terraform support.function.builtin.terraform
#     ^ source.terraform meta.function-call.terraform punctuation.section.parens.begin.terraform
#      ^ source.terraform meta.function-call.terraform string.quoted.double.terraform punctuation.definition.string.begin.terraform
#       ^^^^^ source.terraform meta.function-call.terraform string.quoted.double.terraform
#            ^^ source.terraform meta.function-call.terraform string.quoted.double.terraform constant.character.escape.terraform
#              ^ source.terraform meta.function-call.terraform string.quoted.double.terraform punctuation.definition.string.end.terraform
#               ^ source.terraform meta.function-call.terraform punctuation.section.parens.end.terraform
>format("Hello, %s!", "Ander")
#^^^^^^ source.terraform meta.function-call.terraform support.function.builtin.terraform
#      ^ source.terraform meta.function-call.terraform punctuation.section.parens.begin.terraform
#       ^ source.terraform meta.function-call.terraform string.quoted.double.terraform punctuation.definition.string.begin.terraform
#        ^^^^^^^^^^ source.terraform meta.function-call.terraform string.quoted.double.terraform
#                  ^ source.terraform meta.function-call.terraform string.quoted.double.terraform punctuation.definition.string.end.terraform
#                   ^ source.terraform meta.function-call.terraform punctuation.separator.terraform
#                    ^ source.terraform meta.function-call.terraform
#                     ^ source.terraform meta.function-call.terraform string.quoted.double.terraform punctuation.definition.string.begin.terraform
#                      ^^^^^ source.terraform meta.function-call.terraform string.quoted.double.terraform
#                           ^ source.terraform meta.function-call.terraform string.quoted.double.terraform punctuation.definition.string.end.terraform
#                            ^ source.terraform meta.function-call.terraform punctuation.section.parens.end.terraform
>formatlist("Hello, %s!", ["Valentina", "Ander", "Olivia", "Sam"])
#^^^^^^^^^^ source.terraform meta.function-call.terraform support.function.builtin.terraform
#          ^ source.terraform meta.function-call.terraform punctuation.section.parens.begin.terraform
#           ^ source.terraform meta.function-call.terraform string.quoted.double.terraform punctuation.definition.string.begin.terraform
#            ^^^^^^^^^^ source.terraform meta.function-call.terraform string.quoted.double.terraform
#                      ^ source.terraform meta.function-call.terraform string.quoted.double.terraform punctuation.definition.string.end.terraform
#                       ^ source.terraform meta.function-call.terraform punctuation.separator.terraform
#                        ^ source.terraform meta.function-call.terraform
#                         ^ source.terraform meta.function-call.terraform punctuation.section.brackets.begin.terraform
#                          ^ source.terraform meta.function-call.terraform string.quoted.double.terraform punctuation.definition.string.begin.terraform
#                           ^^^^^^^^^ source.terraform meta.function-call.terraform string.quoted.double.terraform
#                                    ^ source.terraform meta.function-call.terraform string.quoted.double.terraform punctuation.definition.string.end.terraform
#                                     ^ source.terraform meta.function-call.terraform punctuation.separator.terraform
#                                      ^ source.terraform meta.function-call.terraform
#                                       ^ source.terraform meta.function-call.terraform string.quoted.double.terraform punctuation.definition.string.begin.terraform
#                                        ^^^^^ source.terraform meta.function-call.terraform string.quoted.double.terraform
#                                             ^ source.terraform meta.function-call.terraform string.quoted.double.terraform punctuation.definition.string.end.terraform
#                                              ^ source.terraform meta.function-call.terraform punctuation.separator.terraform
#                                               ^ source.terraform meta.function-call.terraform
#                                                ^ source.terraform meta.function-call.terraform string.quoted.double.terraform punctuation.definition.string.begin.terraform
#                                                 ^^^^^^ source.terraform meta.function-call.terraform string.quoted.double.terraform
#                                                       ^ source.terraform meta.function-call.terraform string.quoted.double.terraform punctuation.definition.string.end.terraform
#                                                        ^ source.terraform meta.function-call.terraform punctuation.separator.terraform
#                                                         ^ source.terraform meta.function-call.terraform
#                                                          ^ source.terraform meta.function-call.terraform string.quoted.double.terraform punctuation.definition.string.begin.terraform
#                                                           ^^^ source.terraform meta.function-call.terraform string.quoted.double.terraform
#                                                              ^ source.terraform meta.function-call.terraform string.quoted.double.terraform punctuation.definition.string.end.terraform
#                                                               ^ source.terraform meta.function-call.terraform punctuation.section.brackets.end.terraform
#                                                                ^ source.terraform meta.function-call.terraform punctuation.section.parens.end.terraform
>formatlist("%s, %s!", "Salutations", ["Valentina", "Ander", "Olivia", "Sam"])
#^^^^^^^^^^ source.terraform meta.function-call.terraform support.function.builtin.terraform
#          ^ source.terraform meta.function-call.terraform punctuation.section.parens.begin.terraform
#           ^ source.terraform meta.function-call.terraform string.quoted.double.terraform punctuation.definition.string.begin.terraform
#            ^^^^^^^ source.terraform meta.function-call.terraform string.quoted.double.terraform
#                   ^ source.terraform meta.function-call.terraform string.quoted.double.terraform punctuation.definition.string.end.terraform
#                    ^ source.terraform meta.function-call.terraform punctuation.separator.terraform
#                     ^ source.terraform meta.function-call.terraform
#                      ^ source.terraform meta.function-call.terraform string.quoted.double.terraform punctuation.definition.string.begin.terraform
#                       ^^^^^^^^^^^ source.terraform meta.function-call.terraform string.quoted.double.terraform
#                                  ^ source.terraform meta.function-call.terraform string.quoted.double.terraform punctuation.definition.string.end.terraform
#                                   ^ source.terraform meta.function-call.terraform punctuation.separator.terraform
#                                    ^ source.terraform meta.function-call.terraform
#                                     ^ source.terraform meta.function-call.terraform punctuation.section.brackets.begin.terraform
#                                      ^ source.terraform meta.function-call.terraform string.quoted.double.terraform punctuation.definition.string.begin.terraform
#                                       ^^^^^^^^^ source.terraform meta.function-call.terraform string.quoted.double.terraform
#                                                ^ source.terraform meta.function-call.terraform string.quoted.double.terraform punctuation.definition.string.end.terraform
#                                                 ^ source.terraform meta.function-call.terraform punctuation.separator.terraform
#                                                  ^ source.terraform meta.function-call.terraform
#                                                   ^ source.terraform meta.function-call.terraform string.quoted.double.terraform punctuation.definition.string.begin.terraform
#                                                    ^^^^^ source.terraform meta.function-call.terraform string.quoted.double.terraform
#                                                         ^ source.terraform meta.function-call.terraform string.quoted.double.terraform punctuation.definition.string.end.terraform
#                                                          ^ source.terraform meta.function-call.terraform punctuation.separator.terraform
#                                                           ^ source.terraform meta.function-call.terraform
#                                                            ^ source.terraform meta.function-call.terraform string.quoted.double.terraform punctuation.definition.string.begin.terraform
#                                                             ^^^^^^ source.terraform meta.function-call.terraform string.quoted.double.terraform
#                                                                   ^ source.terraform meta.function-call.terraform string.quoted.double.terraform punctuation.definition.string.end.terraform
#                                                                    ^ source.terraform meta.function-call.terraform punctuation.separator.terraform
#                                                                     ^ source.terraform meta.function-call.terraform
#                                                                      ^ source.terraform meta.function-call.terraform string.quoted.double.terraform punctuation.definition.string.begin.terraform
#                                                                       ^^^ source.terraform meta.function-call.terraform string.quoted.double.terraform
#                                                                          ^ source.terraform meta.function-call.terraform string.quoted.double.terraform punctuation.definition.string.end.terraform
#                                                                           ^ source.terraform meta.function-call.terraform punctuation.section.brackets.end.terraform
#                                                                            ^ source.terraform meta.function-call.terraform punctuation.section.parens.end.terraform
>"  items: ${indent(2, "[\n  foo,\n  bar,\n]\n")}"
#^ source.terraform string.quoted.double.terraform punctuation.definition.string.begin.terraform
# ^^^^^^^^ source.terraform string.quoted.double.terraform
#         ^ source.terraform string.quoted.double.terraform meta.interpolation.terraform
#          ^^ source.terraform string.quoted.double.terraform meta.interpolation.terraform keyword.other.interpolation.begin.terraform
#            ^^^^^^ source.terraform string.quoted.double.terraform meta.interpolation.terraform meta.function-call.terraform support.function.builtin.terraform
#                  ^ source.terraform string.quoted.double.terraform meta.interpolation.terraform meta.function-call.terraform punctuation.section.parens.begin.terraform
#                   ^ source.terraform string.quoted.double.terraform meta.interpolation.terraform meta.function-call.terraform constant.numeric.integer.terraform
#                    ^ source.terraform string.quoted.double.terraform meta.interpolation.terraform meta.function-call.terraform punctuation.separator.terraform
#                     ^ source.terraform string.quoted.double.terraform meta.interpolation.terraform meta.function-call.terraform
#                      ^ source.terraform string.quoted.double.terraform meta.interpolation.terraform meta.function-call.terraform string.quoted.double.terraform punctuation.definition.string.begin.terraform
#                       ^ source.terraform string.quoted.double.terraform meta.interpolation.terraform meta.function-call.terraform string.quoted.double.terraform
#                        ^^ source.terraform string.quoted.double.terraform meta.interpolation.terraform meta.function-call.terraform string.quoted.double.terraform constant.character.escape.terraform
#                          ^^^^^^ source.terraform string.quoted.double.terraform meta.interpolation.terraform meta.function-call.terraform string.quoted.double.terraform
#                                ^^ source.terraform string.quoted.double.terraform meta.interpolation.terraform meta.function-call.terraform string.quoted.double.terraform constant.character.escape.terraform
#                                  ^^^^^^ source.terraform string.quoted.double.terraform meta.interpolation.terraform meta.function-call.terraform string.quoted.double.terraform
#                                        ^^ source.terraform string.quoted.double.terraform meta.interpolation.terraform meta.function-call.terraform string.quoted.double.terraform constant.character.escape.terraform
#                                          ^ source.terraform string.quoted.double.terraform meta.interpolation.terraform meta.function-call.terraform string.quoted.double.terraform
#                                           ^^ source.terraform string.quoted.double.terraform meta.interpolation.terraform meta.function-call.terraform string.quoted.double.terraform constant.character.escape.terraform
#                                             ^ source.terraform string.quoted.double.terraform meta.interpolation.terraform meta.function-call.terraform string.quoted.double.terraform punctuation.definition.string.end.terraform
#                                              ^ source.terraform string.quoted.double.terraform meta.interpolation.terraform meta.function-call.terraform punctuation.section.parens.end.terraform
#                                               ^ source.terraform string.quoted.double.terraform meta.interpolation.terraform keyword.other.interpolation.end.terraform
#                                                ^ source.terraform string.quoted.double.terraform punctuation.definition.string.end.terraform
>join(", ", ["foo", "bar", "baz"])
#^^^^ source.terraform meta.function-call.terraform support.function.builtin.terraform
#    ^ source.terraform meta.function-call.terraform punctuation.section.parens.begin.terraform
#     ^ source.terraform meta.function-call.terraform string.quoted.double.terraform punctuation.definition.string.begin.terraform
#      ^^ source.terraform meta.function-call.terraform string.quoted.double.terraform
#        ^ source.terraform meta.function-call.terraform string.quoted.double.terraform punctuation.definition.string.end.terraform
#         ^ source.terraform meta.function-call.terraform punctuation.separator.terraform
#          ^ source.terraform meta.function-call.terraform
#           ^ source.terraform meta.function-call.terraform punctuation.section.brackets.begin.terraform
#            ^ source.terraform meta.function-call.terraform string.quoted.double.terraform punctuation.definition.string.begin.terraform
#             ^^^ source.terraform meta.function-call.terraform string.quoted.double.terraform
#                ^ source.terraform meta.function-call.terraform string.quoted.double.terraform punctuation.definition.string.end.terraform
#                 ^ source.terraform meta.function-call.terraform punctuation.separator.terraform
#                  ^ source.terraform meta.function-call.terraform
#                   ^ source.terraform meta.function-call.terraform string.quoted.double.terraform punctuation.definition.string.begin.terraform
#                    ^^^ source.terraform meta.function-call.terraform string.quoted.double.terraform
#                       ^ source.terraform meta.function-call.terraform string.quoted.double.terraform punctuation.definition.string.end.terraform
#                        ^ source.terraform meta.function-call.terraform punctuation.separator.terraform
#                         ^ source.terraform meta.function-call.terraform
#                          ^ source.terraform meta.function-call.terraform string.quoted.double.terraform punctuation.definition.string.begin.terraform
#                           ^^^ source.terraform meta.function-call.terraform string.quoted.double.terraform
#                              ^ source.terraform meta.function-call.terraform string.quoted.double.terraform punctuation.definition.string.end.terraform
#                               ^ source.terraform meta.function-call.terraform punctuation.section.brackets.end.terraform
#                                ^ source.terraform meta.function-call.terraform punctuation.section.parens.end.terraform
>lower("HELLO")
#^^^^^ source.terraform meta.function-call.terraform support.function.builtin.terraform
#     ^ source.terraform meta.function-call.terraform punctuation.section.parens.begin.terraform
#      ^ source.terraform meta.function-call.terraform string.quoted.double.terraform punctuation.definition.string.begin.terraform
#       ^^^^^ source.terraform meta.function-call.terraform string.quoted.double.terraform
#            ^ source.terraform meta.function-call.terraform string.quoted.double.terraform punctuation.definition.string.end.terraform
#             ^ source.terraform meta.function-call.terraform punctuation.section.parens.end.terraform
>regex("[a-z]+", "53453453.345345aaabbbccc23454")
#^^^^^ source.terraform meta.function-call.terraform support.function.builtin.terraform
#     ^ source.terraform meta.function-call.terraform punctuation.section.parens.begin.terraform
#      ^ source.terraform meta.function-call.terraform string.quoted.double.terraform punctuation.definition.string.begin.terraform
#       ^^^^^^ source.terraform meta.function-call.terraform string.quoted.double.terraform
#             ^ source.terraform meta.function-call.terraform string.quoted.double.terraform punctuation.definition.string.end.terraform
#              ^ source.terraform meta.function-call.terraform punctuation.separator.terraform
#               ^ source.terraform meta.function-call.terraform
#                ^ source.terraform meta.function-call.terraform string.quoted.double.terraform punctuation.definition.string.begin.terraform
#                 ^^^^^^^^^^^^^^^^^^^^^^^^^^^^^ source.terraform meta.function-call.terraform string.quoted.double.terraform
#                                              ^ source.terraform meta.function-call.terraform string.quoted.double.terraform punctuation.definition.string.end.terraform
#                                               ^ source.terraform meta.function-call.terraform punctuation.section.parens.end.terraform
>regexall("[a-z]+", "1234abcd5678efgh9")
#^^^^^^^^ source.terraform meta.function-call.terraform support.function.builtin.terraform
#        ^ source.terraform meta.function-call.terraform punctuation.section.parens.begin.terraform
#         ^ source.terraform meta.function-call.terraform string.quoted.double.terraform punctuation.definition.string.begin.terraform
#          ^^^^^^ source.terraform meta.function-call.terraform string.quoted.double.terraform
#                ^ source.terraform meta.function-call.terraform string.quoted.double.terraform punctuation.definition.string.end.terraform
#                 ^ source.terraform meta.function-call.terraform punctuation.separator.terraform
#                  ^ source.terraform meta.function-call.terraform
#                   ^ source.terraform meta.function-call.terraform string.quoted.double.terraform punctuation.definition.string.begin.terraform
#                    ^^^^^^^^^^^^^^^^^ source.terraform meta.function-call.terraform string.quoted.double.terraform
#                                     ^ source.terraform meta.function-call.terraform string.quoted.double.terraform punctuation.definition.string.end.terraform
#                                      ^ source.terraform meta.function-call.terraform punctuation.section.parens.end.terraform
>replace("1 + 2 + 3", "+", "-")
#^^^^^^^ source.terraform meta.function-call.terraform support.function.builtin.terraform
#       ^ source.terraform meta.function-call.terraform punctuation.section.parens.begin.terraform
#        ^ source.terraform meta.function-call.terraform string.quoted.double.terraform punctuation.definition.string.begin.terraform
#         ^^^^^^^^^ source.terraform meta.function-call.terraform string.quoted.double.terraform
#                  ^ source.terraform meta.function-call.terraform string.quoted.double.terraform punctuation.definition.string.end.terraform
#                   ^ source.terraform meta.function-call.terraform punctuation.separator.terraform
#                    ^ source.terraform meta.function-call.terraform
#                     ^ source.terraform meta.function-call.terraform string.quoted.double.terraform punctuation.definition.string.begin.terraform
#                      ^ source.terraform meta.function-call.terraform string.quoted.double.terraform
#                       ^ source.terraform meta.function-call.terraform string.quoted.double.terraform punctuation.definition.string.end.terraform
#                        ^ source.terraform meta.function-call.terraform punctuation.separator.terraform
#                         ^ source.terraform meta.function-call.terraform
#                          ^ source.terraform meta.function-call.terraform string.quoted.double.terraform punctuation.definition.string.begin.terraform
#                           ^ source.terraform meta.function-call.terraform string.quoted.double.terraform
#                            ^ source.terraform meta.function-call.terraform string.quoted.double.terraform punctuation.definition.string.end.terraform
#                             ^ source.terraform meta.function-call.terraform punctuation.section.parens.end.terraform
>split(",", "foo,bar,baz")
#^^^^^ source.terraform meta.function-call.terraform support.function.builtin.terraform
#     ^ source.terraform meta.function-call.terraform punctuation.section.parens.begin.terraform
#      ^ source.terraform meta.function-call.terraform string.quoted.double.terraform punctuation.definition.string.begin.terraform
#       ^ source.terraform meta.function-call.terraform string.quoted.double.terraform
#        ^ source.terraform meta.function-call.terraform string.quoted.double.terraform punctuation.definition.string.end.terraform
#         ^ source.terraform meta.function-call.terraform punctuation.separator.terraform
#          ^ source.terraform meta.function-call.terraform
#           ^ source.terraform meta.function-call.terraform string.quoted.double.terraform punctuation.definition.string.begin.terraform
#            ^^^^^^^^^^^ source.terraform meta.function-call.terraform string.quoted.double.terraform
#                       ^ source.terraform meta.function-call.terraform string.quoted.double.terraform punctuation.definition.string.end.terraform
#                        ^ source.terraform meta.function-call.terraform punctuation.section.parens.end.terraform
>strrev("hello")
#^^^^^^ source.terraform meta.function-call.terraform support.function.builtin.terraform
#      ^ source.terraform meta.function-call.terraform punctuation.section.parens.begin.terraform
#       ^ source.terraform meta.function-call.terraform string.quoted.double.terraform punctuation.definition.string.begin.terraform
#        ^^^^^ source.terraform meta.function-call.terraform string.quoted.double.terraform
#             ^ source.terraform meta.function-call.terraform string.quoted.double.terraform punctuation.definition.string.end.terraform
#              ^ source.terraform meta.function-call.terraform punctuation.section.parens.end.terraform
>substr("hello world", 1, 4)
#^^^^^^ source.terraform meta.function-call.terraform support.function.builtin.terraform
#      ^ source.terraform meta.function-call.terraform punctuation.section.parens.begin.terraform
#       ^ source.terraform meta.function-call.terraform string.quoted.double.terraform punctuation.definition.string.begin.terraform
#        ^^^^^^^^^^^ source.terraform meta.function-call.terraform string.quoted.double.terraform
#                   ^ source.terraform meta.function-call.terraform string.quoted.double.terraform punctuation.definition.string.end.terraform
#                    ^ source.terraform meta.function-call.terraform punctuation.separator.terraform
#                     ^ source.terraform meta.function-call.terraform
#                      ^ source.terraform meta.function-call.terraform constant.numeric.integer.terraform
#                       ^ source.terraform meta.function-call.terraform punctuation.separator.terraform
#                        ^ source.terraform meta.function-call.terraform
#                         ^ source.terraform meta.function-call.terraform constant.numeric.integer.terraform
#                          ^ source.terraform meta.function-call.terraform punctuation.section.parens.end.terraform
>title("hello world")
#^^^^^ source.terraform meta.function-call.terraform support.function.builtin.terraform
#     ^ source.terraform meta.function-call.terraform punctuation.section.parens.begin.terraform
#      ^ source.terraform meta.function-call.terraform string.quoted.double.terraform punctuation.definition.string.begin.terraform
#       ^^^^^^^^^^^ source.terraform meta.function-call.terraform string.quoted.double.terraform
#                  ^ source.terraform meta.function-call.terraform string.quoted.double.terraform punctuation.definition.string.end.terraform
#                   ^ source.terraform meta.function-call.terraform punctuation.section.parens.end.terraform
>trim("?!hello?!", "!?")
#^^^^ source.terraform meta.function-call.terraform variable.function.terraform
#    ^ source.terraform meta.function-call.terraform punctuation.section.parens.begin.terraform
#     ^ source.terraform meta.function-call.terraform string.quoted.double.terraform punctuation.definition.string.begin.terraform
#      ^^^^^^^^^ source.terraform meta.function-call.terraform string.quoted.double.terraform
#               ^ source.terraform meta.function-call.terraform string.quoted.double.terraform punctuation.definition.string.end.terraform
#                ^ source.terraform meta.function-call.terraform punctuation.separator.terraform
#                 ^ source.terraform meta.function-call.terraform
#                  ^ source.terraform meta.function-call.terraform string.quoted.double.terraform punctuation.definition.string.begin.terraform
#                   ^^ source.terraform meta.function-call.terraform string.quoted.double.terraform
#                     ^ source.terraform meta.function-call.terraform string.quoted.double.terraform punctuation.definition.string.end.terraform
#                      ^ source.terraform meta.function-call.terraform punctuation.section.parens.end.terraform
>trimprefix("helloworld", "hello")
#^^^^^^^^^^ source.terraform meta.function-call.terraform variable.function.terraform
#          ^ source.terraform meta.function-call.terraform punctuation.section.parens.begin.terraform
#           ^ source.terraform meta.function-call.terraform string.quoted.double.terraform punctuation.definition.string.begin.terraform
#            ^^^^^^^^^^ source.terraform meta.function-call.terraform string.quoted.double.terraform
#                      ^ source.terraform meta.function-call.terraform string.quoted.double.terraform punctuation.definition.string.end.terraform
#                       ^ source.terraform meta.function-call.terraform punctuation.separator.terraform
#                        ^ source.terraform meta.function-call.terraform
#                         ^ source.terraform meta.function-call.terraform string.quoted.double.terraform punctuation.definition.string.begin.terraform
#                          ^^^^^ source.terraform meta.function-call.terraform string.quoted.double.terraform
#                               ^ source.terraform meta.function-call.terraform string.quoted.double.terraform punctuation.definition.string.end.terraform
#                                ^ source.terraform meta.function-call.terraform punctuation.section.parens.end.terraform
>trimsuffix("helloworld", "world")
#^^^^^^^^^^ source.terraform meta.function-call.terraform variable.function.terraform
#          ^ source.terraform meta.function-call.terraform punctuation.section.parens.begin.terraform
#           ^ source.terraform meta.function-call.terraform string.quoted.double.terraform punctuation.definition.string.begin.terraform
#            ^^^^^^^^^^ source.terraform meta.function-call.terraform string.quoted.double.terraform
#                      ^ source.terraform meta.function-call.terraform string.quoted.double.terraform punctuation.definition.string.end.terraform
#                       ^ source.terraform meta.function-call.terraform punctuation.separator.terraform
#                        ^ source.terraform meta.function-call.terraform
#                         ^ source.terraform meta.function-call.terraform string.quoted.double.terraform punctuation.definition.string.begin.terraform
#                          ^^^^^ source.terraform meta.function-call.terraform string.quoted.double.terraform
#                               ^ source.terraform meta.function-call.terraform string.quoted.double.terraform punctuation.definition.string.end.terraform
#                                ^ source.terraform meta.function-call.terraform punctuation.section.parens.end.terraform
>trimspace("  hello\n\n")
#^^^^^^^^^ source.terraform meta.function-call.terraform support.function.builtin.terraform
#         ^ source.terraform meta.function-call.terraform punctuation.section.parens.begin.terraform
#          ^ source.terraform meta.function-call.terraform string.quoted.double.terraform punctuation.definition.string.begin.terraform
#           ^^^^^^^ source.terraform meta.function-call.terraform string.quoted.double.terraform
#                  ^^ source.terraform meta.function-call.terraform string.quoted.double.terraform constant.character.escape.terraform
#                    ^^ source.terraform meta.function-call.terraform string.quoted.double.terraform constant.character.escape.terraform
#                      ^ source.terraform meta.function-call.terraform string.quoted.double.terraform punctuation.definition.string.end.terraform
#                       ^ source.terraform meta.function-call.terraform punctuation.section.parens.end.terraform
>upper("hello")
#^^^^^ source.terraform meta.function-call.terraform support.function.builtin.terraform
#     ^ source.terraform meta.function-call.terraform punctuation.section.parens.begin.terraform
#      ^ source.terraform meta.function-call.terraform string.quoted.double.terraform punctuation.definition.string.begin.terraform
#       ^^^^^ source.terraform meta.function-call.terraform string.quoted.double.terraform
#            ^ source.terraform meta.function-call.terraform string.quoted.double.terraform punctuation.definition.string.end.terraform
#             ^ source.terraform meta.function-call.terraform punctuation.section.parens.end.terraform
>