>var.a != "" ? var.a : "default-a"
#^^^ source.terraform support.constant.terraform
#   ^ source.terraform keyword.operator.accessor.terraform
#    ^ source.terraform variable.other.member.terraform
#     ^ source.terraform
#      ^^ source.terraform keyword.operator.terraform
#        ^ source.terraform
#         ^ source.terraform string.quoted.double.terraform punctuation.definition.string.begin.terraform
#          ^ source.terraform string.quoted.double.terraform punctuation.definition.string.end.terraform
#           ^ source.terraform
#            ^ source.terraform keyword.operator.terraform
#             ^ source.terraform
#              ^^^ source.terraform support.constant.terraform
#                 ^ source.terraform keyword.operator.accessor.terraform
#                  ^ source.terraform variable.other.member.terraform
#                   ^ source.terraform
#                    ^ source.terraform
#                     ^ source.terraform
#                      ^ source.terraform string.quoted.double.terraform punctuation.definition.string.begin.terraform
#                       ^^^^^^^^^ source.terraform string.quoted.double.terraform
#                                ^ source.terraform string.quoted.double.terraform punctuation.definition.string.end.terraform
>var.example ? tostring(12) : "hello"
#^^^ source.terraform support.constant.terraform
#   ^ source.terraform keyword.operator.accessor.terraform
#    ^^^^^^^ source.terraform variable.other.member.terraform
#           ^ source.terraform
#            ^ source.terraform keyword.operator.terraform
#             ^ source.terraform
#              ^^^^^^^^ source.terraform meta.function-call.terraform support.function.builtin.terraform
#                      ^ source.terraform meta.function-call.terraform punctuation.section.parens.begin.terraform
#                       ^^ source.terraform meta.function-call.terraform constant.numeric.integer.terraform
#                         ^ source.terraform meta.function-call.terraform punctuation.section.parens.end.terraform
#                          ^ source.terraform
#                           ^ source.terraform
#                            ^ source.terraform
#                             ^ source.terraform string.quoted.double.terraform punctuation.definition.string.begin.terraform
#                              ^^^^^ source.terraform string.quoted.double.terraform
#                                   ^ source.terraform string.quoted.double.terraform punctuation.definition.string.end.terraform
>var.example ? 12 : "hello"
#^^^ source.terraform support.constant.terraform
#   ^ source.terraform keyword.operator.accessor.terraform
#    ^^^^^^^ source.terraform variable.other.member.terraform
#           ^ source.terraform
#            ^ source.terraform keyword.operator.terraform
#             ^ source.terraform
#              ^^ source.terraform constant.numeric.integer.terraform
#                ^ source.terraform
#                 ^ source.terraform
#                  ^ source.terraform
#                   ^ source.terraform string.quoted.double.terraform punctuation.definition.string.begin.terraform
#                    ^^^^^ source.terraform string.quoted.double.terraform
#                         ^ source.terraform string.quoted.double.terraform punctuation.definition.string.end.terraform
>