>provider "google" {
#^^^^^^^^ scope.terraform meta.block.terraform entity.name.type.terraform
#        ^ scope.terraform meta.block.terraform
#         ^ scope.terraform meta.block.terraform string.quoted.double.terraform punctuation.definition.string.begin.terraform
#          ^^^^^^ scope.terraform meta.block.terraform string.quoted.double.terraform
#                ^ scope.terraform meta.block.terraform string.quoted.double.terraform punctuation.definition.string.end.terraform
#                 ^ scope.terraform meta.block.terraform
#                  ^ scope.terraform meta.block.terraform punctuation.section.block.begin.terraform
>  project = "acme-app"
#^^ scope.terraform meta.block.terraform
#  ^^^^^^^ scope.terraform meta.block.terraform variable.declaration.terraform variable.other.readwrite.terraform
#         ^ scope.terraform meta.block.terraform variable.declaration.terraform
#          ^ scope.terraform meta.block.terraform variable.declaration.terraform keyword.operator.assignment.terraform
#           ^ scope.terraform meta.block.terraform variable.declaration.terraform
#            ^ scope.terraform meta.block.terraform string.quoted.double.terraform punctuation.definition.string.begin.terraform
#             ^^^^^^^^ scope.terraform meta.block.terraform string.quoted.double.terraform
#                     ^ scope.terraform meta.block.terraform string.quoted.double.terraform punctuation.definition.string.end.terraform
>  region  = "us-central1"
#^^ scope.terraform meta.block.terraform
#  ^^^^^^ scope.terraform meta.block.terraform variable.declaration.terraform variable.other.readwrite.terraform
#        ^^ scope.terraform meta.block.terraform variable.declaration.terraform
#          ^ scope.terraform meta.block.terraform variable.declaration.terraform keyword.operator.assignment.terraform
#           ^ scope.terraform meta.block.terraform variable.declaration.terraform
#            ^ scope.terraform meta.block.terraform string.quoted.double.terraform punctuation.definition.string.begin.terraform
#             ^^^^^^^^^^^ scope.terraform meta.block.terraform string.quoted.double.terraform
#                        ^ scope.terraform meta.block.terraform string.quoted.double.terraform punctuation.definition.string.end.terraform
>}
#^ scope.terraform meta.block.terraform punctuation.section.block.end.terraform
>