>output "instance_ip_addr" {
#^^^^^^ scope.terraform meta.block.terraform entity.name.type.terraform
#      ^ scope.terraform meta.block.terraform
#       ^ scope.terraform meta.block.terraform string.quoted.double.terraform punctuation.definition.string.begin.terraform
#        ^^^^^^^^^^^^^^^^ scope.terraform meta.block.terraform string.quoted.double.terraform
#                        ^ scope.terraform meta.block.terraform string.quoted.double.terraform punctuation.definition.string.end.terraform
#                         ^ scope.terraform meta.block.terraform
#                          ^ scope.terraform meta.block.terraform punctuation.section.block.begin.terraform
>  value = aws_instance.server.private_ip
#^^ scope.terraform meta.block.terraform
#  ^^^^^ scope.terraform meta.block.terraform variable.declaration.terraform variable.other.readwrite.terraform
#       ^ scope.terraform meta.block.terraform variable.declaration.terraform
#        ^ scope.terraform meta.block.terraform variable.declaration.terraform keyword.operator.assignment.terraform
#         ^ scope.terraform meta.block.terraform variable.declaration.terraform
#          ^^^^^^^^^^^^ scope.terraform meta.block.terraform
#                      ^ scope.terraform meta.block.terraform keyword.operator.accessor.terraform
#                       ^^^^^^ scope.terraform meta.block.terraform variable.other.member.terraform
#                             ^ scope.terraform meta.block.terraform keyword.operator.accessor.terraform
#                              ^^^^^^^^^^ scope.terraform meta.block.terraform variable.other.member.terraform
>}
#^ scope.terraform meta.block.terraform punctuation.section.block.end.terraform
>
>output "instance_ip_addr" {
#^^^^^^ scope.terraform meta.block.terraform entity.name.type.terraform
#      ^ scope.terraform meta.block.terraform
#       ^ scope.terraform meta.block.terraform string.quoted.double.terraform punctuation.definition.string.begin.terraform
#        ^^^^^^^^^^^^^^^^ scope.terraform meta.block.terraform string.quoted.double.terraform
#                        ^ scope.terraform meta.block.terraform string.quoted.double.terraform punctuation.definition.string.end.terraform
#                         ^ scope.terraform meta.block.terraform
#                          ^ scope.terraform meta.block.terraform punctuation.section.block.begin.terraform
>  value       = aws_instance.server.private_ip
#^^ scope.terraform meta.block.terraform
#  ^^^^^ scope.terraform meta.block.terraform variable.declaration.terraform variable.other.readwrite.terraform
#       ^^^^^^^ scope.terraform meta.block.terraform variable.declaration.terraform
#              ^ scope.terraform meta.block.terraform variable.declaration.terraform keyword.operator.assignment.terraform
#               ^ scope.terraform meta.block.terraform variable.declaration.terraform
#                ^^^^^^^^^^^^ scope.terraform meta.block.terraform
#                            ^ scope.terraform meta.block.terraform keyword.operator.accessor.terraform
#                             ^^^^^^ scope.terraform meta.block.terraform variable.other.member.terraform
#                                   ^ scope.terraform meta.block.terraform keyword.operator.accessor.terraform
#                                    ^^^^^^^^^^ scope.terraform meta.block.terraform variable.other.member.terraform
>  description = "The private IP address of the main server instance."
#^^ scope.terraform meta.block.terraform
#  ^^^^^^^^^^^ scope.terraform meta.block.terraform variable.declaration.terraform variable.other.readwrite.terraform
#             ^ scope.terraform meta.block.terraform variable.declaration.terraform
#              ^ scope.terraform meta.block.terraform variable.declaration.terraform keyword.operator.assignment.terraform
#               ^ scope.terraform meta.block.terraform variable.declaration.terraform
#                ^ scope.terraform meta.block.terraform string.quoted.double.terraform punctuation.definition.string.begin.terraform
#                 ^^^^^^^^^^^^^^^^^^^^^^^^^^^^^^^^^^^^^^^^^^^^^^^^^^^ scope.terraform meta.block.terraform string.quoted.double.terraform
#                                                                    ^ scope.terraform meta.block.terraform string.quoted.double.terraform punctuation.definition.string.end.terraform
>
>  depends_on = [
#^^ scope.terraform meta.block.terraform
#  ^^^^^^^^^^ scope.terraform meta.block.terraform variable.declaration.terraform variable.other.readwrite.terraform
#            ^ scope.terraform meta.block.terraform variable.declaration.terraform
#             ^ scope.terraform meta.block.terraform variable.declaration.terraform keyword.operator.assignment.terraform
#              ^ scope.terraform meta.block.terraform variable.declaration.terraform
#               ^ scope.terraform meta.block.terraform punctuation.section.brackets.begin.terraform
>    aws_security_group_rule.local_access,
#^^^^ scope.terraform meta.block.terraform
#    ^^^^^^^^^^^^^^^^^^^^^^^ scope.terraform meta.block.terraform variable.other.readwrite.terraform
#                           ^ scope.terraform meta.block.terraform keyword.operator.accessor.terraform
#                            ^^^^^^^^^^^^ scope.terraform meta.block.terraform variable.other.member.terraform
#                                        ^ scope.terraform meta.block.terraform punctuation.separator.terraform
>  ]
#^^ scope.terraform meta.block.terraform
#  ^ scope.terraform meta.block.terraform punctuation.section.brackets.end.terraform
>}
#^ scope.terraform meta.block.terraform punctuation.section.block.end.terraform
>